00:02.266  reports          | WARNING El nuevo nombre de hueso colisiona con un grupo de vértices ya existente, los grupos de vértices permanecerán sin cambios. (watching_eye::watching_eye__Root)
Blender 5.2.2 LTS (hash d13f752e3b9c built 2026-09-15 01:37:04)
00:02.266  reports          | WARNING El nuevo nombre de hueso colisiona con un grupo de vértices ya existente, los grupos de vértices permanecerán sin cambios. (watching_eye::watching_eye__Gaze)
00:02.266  reports          | WARNING El nuevo nombre de hueso colisiona con un grupo de vértices ya existente, los grupos de vértices permanecerán sin cambios. (watching_eye::watching_eye__Iris)
00:02.266  reports          | WARNING El nuevo nombre de hueso colisiona con un grupo de vértices ya existente, los grupos de vértices permanecerán sin cambios. (watching_eye::watching_eye__LidUpper)
00:02.266  reports          | WARNING El nuevo nombre de hueso colisiona con un grupo de vértices ya existente, los grupos de vértices permanecerán sin cambios. (watching_eye::watching_eye__LidLower)
00:02.266  reports          | WARNING El nuevo nombre de hueso colisiona con un grupo de vértices ya existente, los grupos de vértices permanecerán sin cambios. (watching_eye::watching_eye__ArmL)
00:02.266  reports          | WARNING El nuevo nombre de hueso colisiona con un grupo de vértices ya existente, los grupos de vértices permanecerán sin cambios. (watching_eye::watching_eye__ForearmL)
00:02.266  reports          | WARNING El nuevo nombre de hueso colisiona con un grupo de vértices ya existente, los grupos de vértices permanecerán sin cambios. (watching_eye::watching_eye__HandL)
00:02.266  reports          | WARNING El nuevo nombre de hueso colisiona con un grupo de vértices ya existente, los grupos de vértices permanecerán sin cambios. (watching_eye::watching_eye__FingerL0)
00:02.266  reports          | WARNING El nuevo nombre de hueso colisiona con un grupo de vértices ya existente, los grupos de vértices permanecerán sin cambios. (watching_eye::watching_eye__FingerL1)
00:02.266  reports          | WARNING El nuevo nombre de hueso colisiona con un grupo de vértices ya existente, los grupos de vértices permanecerán sin cambios. (watching_eye::watching_eye__FingerL2)
00:02.266  reports          | WARNING El nuevo nombre de hueso colisiona con un grupo de vértices ya existente, los grupos de vértices permanecerán sin cambios. (watching_eye::watching_eye__FingerL3)
00:02.266  reports          | WARNING El nuevo nombre de hueso colisiona con un grupo de vértices ya existente, los grupos de vértices permanecerán sin cambios. (watching_eye::watching_eye__ThumbL)
00:02.266  reports          | WARNING El nuevo nombre de hueso colisiona con un grupo de vértices ya existente, los grupos de vértices permanecerán sin cambios. (watching_eye::watching_eye__ArmR)
00:02.266  reports          | WARNING El nuevo nombre de hueso colisiona con un grupo de vértices ya existente, los grupos de vértices permanecerán sin cambios. (watching_eye::watching_eye__ForearmR)
00:02.266  reports          | WARNING El nuevo nombre de hueso colisiona con un grupo de vértices ya existente, los grupos de vértices permanecerán sin cambios. (watching_eye::watching_eye__HandR)
00:02.266  reports          | WARNING El nuevo nombre de hueso colisiona con un grupo de vértices ya existente, los grupos de vértices permanecerán sin cambios. (watching_eye::watching_eye__FingerR0)
00:02.266  reports          | WARNING El nuevo nombre de hueso colisiona con un grupo de vértices ya existente, los grupos de vértices permanecerán sin cambios. (watching_eye::watching_eye__FingerR1)
00:02.266  reports          | WARNING El nuevo nombre de hueso colisiona con un grupo de vértices ya existente, los grupos de vértices permanecerán sin cambios. (watching_eye::watching_eye__FingerR2)
00:02.266  reports          | WARNING El nuevo nombre de hueso colisiona con un grupo de vértices ya existente, los grupos de vértices permanecerán sin cambios. (watching_eye::watching_eye__FingerR3)
00:02.266  reports          | WARNING El nuevo nombre de hueso colisiona con un grupo de vértices ya existente, los grupos de vértices permanecerán sin cambios. (watching_eye::watching_eye__ThumbR)
00:02.281  reports          | WARNING El nuevo nombre de hueso colisiona con un grupo de vértices ya existente, los grupos de vértices permanecerán sin cambios. (plague_monarch::plague_monarch__Root)
00:02.281  reports          | WARNING El nuevo nombre de hueso colisiona con un grupo de vértices ya existente, los grupos de vértices permanecerán sin cambios. (plague_monarch::plague_monarch__Mask)
00:02.281  reports          | WARNING El nuevo nombre de hueso colisiona con un grupo de vértices ya existente, los grupos de vértices permanecerán sin cambios. (plague_monarch::plague_monarch__Crown)
00:02.281  reports          | WARNING El nuevo nombre de hueso colisiona con un grupo de vértices ya existente, los grupos de vértices permanecerán sin cambios. (plague_monarch::plague_monarch__Breath)
00:02.281  reports          | WARNING El nuevo nombre de hueso colisiona con un grupo de vértices ya existente, los grupos de vértices permanecerán sin cambios. (plague_monarch::plague_monarch__Leg0)
00:02.281  reports          | WARNING El nuevo nombre de hueso colisiona con un grupo de vértices ya existente, los grupos de vértices permanecerán sin cambios. (plague_monarch::plague_monarch__Shin0)
00:02.281  reports          | WARNING El nuevo nombre de hueso colisiona con un grupo de vértices ya existente, los grupos de vértices permanecerán sin cambios. (plague_monarch::plague_monarch__Leg1)
00:02.281  reports          | WARNING El nuevo nombre de hueso colisiona con un grupo de vértices ya existente, los grupos de vértices permanecerán sin cambios. (plague_monarch::plague_monarch__Shin1)
00:02.281  reports          | WARNING El nuevo nombre de hueso colisiona con un grupo de vértices ya existente, los grupos de vértices permanecerán sin cambios. (plague_monarch::plague_monarch__Leg2)
00:02.281  reports          | WARNING El nuevo nombre de hueso colisiona con un grupo de vértices ya existente, los grupos de vértices permanecerán sin cambios. (plague_monarch::plague_monarch__Shin2)
00:02.281  reports          | WARNING El nuevo nombre de hueso colisiona con un grupo de vértices ya existente, los grupos de vértices permanecerán sin cambios. (plague_monarch::plague_monarch__Leg3)
00:02.281  reports          | WARNING El nuevo nombre de hueso colisiona con un grupo de vértices ya existente, los grupos de vértices permanecerán sin cambios. (plague_monarch::plague_monarch__Shin3)
00:02.281  reports          | WARNING El nuevo nombre de hueso colisiona con un grupo de vértices ya existente, los grupos de vértices permanecerán sin cambios. (the_void::the_void__Root)
00:02.281  reports          | WARNING El nuevo nombre de hueso colisiona con un grupo de vértices ya existente, los grupos de vértices permanecerán sin cambios. (the_void::the_void__ArcL)
00:02.281  reports          | WARNING El nuevo nombre de hueso colisiona con un grupo de vértices ya existente, los grupos de vértices permanecerán sin cambios. (the_void::the_void__ArcR)
00:02.281  reports          | WARNING El nuevo nombre de hueso colisiona con un grupo de vértices ya existente, los grupos de vértices permanecerán sin cambios. (the_void::the_void__ArcBase)
00:02.281  reports          | WARNING El nuevo nombre de hueso colisiona con un grupo de vértices ya existente, los grupos de vértices permanecerán sin cambios. (the_void::the_void__Shard0)
00:02.281  reports          | WARNING El nuevo nombre de hueso colisiona con un grupo de vértices ya existente, los grupos de vértices permanecerán sin cambios. (the_void::the_void__Shard1)
00:02.281  reports          | WARNING El nuevo nombre de hueso colisiona con un grupo de vértices ya existente, los grupos de vértices permanecerán sin cambios. (the_void::the_void__Shard2)
00:02.281  reports          | WARNING El nuevo nombre de hueso colisiona con un grupo de vértices ya existente, los grupos de vértices permanecerán sin cambios. (the_void::the_void__Shard3)
00:02.281  reports          | WARNING El nuevo nombre de hueso colisiona con un grupo de vértices ya existente, los grupos de vértices permanecerán sin cambios. (the_void::the_void__Shard4)

FBX export starting... 'C:\\RobloxProjects\\StealACurse\\assets\\export\\meshes\\curses\\animations\\animation-quality-one-skeleton.fbx'
(bpy.data.armatures['watching_eye_Rig'], 'POSE')
(bpy.data.armatures['watching_eye_Rig'], 'POSE')
(bpy.data.armatures['watching_eye_Rig'], 'POSE')
export finished in 0.0502 sec.
NATIVE_IMPORT_BATCH C:\RobloxProjects\StealACurse\assets\export\meshes\curses\animations\animation-quality-one-skeleton.fbx ['watching_eye', 'plague_monarch', 'the_void']

Blender quit
