00:02.266  reports          | WARNING El nuevo nombre de hueso colisiona con un grupo de vértices ya existente, los grupos de vértices permanecerán sin cambios. (plague_monarch::plague_monarch__Root)
Blender 5.2.2 LTS (hash d13f752e3b9c built 2026-09-15 01:37:04)
00:02.282  reports          | WARNING El nuevo nombre de hueso colisiona con un grupo de vértices ya existente, los grupos de vértices permanecerán sin cambios. (plague_monarch::plague_monarch__Mask)
00:02.282  reports          | WARNING El nuevo nombre de hueso colisiona con un grupo de vértices ya existente, los grupos de vértices permanecerán sin cambios. (plague_monarch::plague_monarch__Crown)
00:02.282  reports          | WARNING El nuevo nombre de hueso colisiona con un grupo de vértices ya existente, los grupos de vértices permanecerán sin cambios. (plague_monarch::plague_monarch__Breath)
00:02.282  reports          | WARNING El nuevo nombre de hueso colisiona con un grupo de vértices ya existente, los grupos de vértices permanecerán sin cambios. (plague_monarch::plague_monarch__Leg0)
00:02.282  reports          | WARNING El nuevo nombre de hueso colisiona con un grupo de vértices ya existente, los grupos de vértices permanecerán sin cambios. (plague_monarch::plague_monarch__Shin0)
00:02.282  reports          | WARNING El nuevo nombre de hueso colisiona con un grupo de vértices ya existente, los grupos de vértices permanecerán sin cambios. (plague_monarch::plague_monarch__Leg1)
00:02.282  reports          | WARNING El nuevo nombre de hueso colisiona con un grupo de vértices ya existente, los grupos de vértices permanecerán sin cambios. (plague_monarch::plague_monarch__Shin1)
00:02.282  reports          | WARNING El nuevo nombre de hueso colisiona con un grupo de vértices ya existente, los grupos de vértices permanecerán sin cambios. (plague_monarch::plague_monarch__Leg2)
00:02.282  reports          | WARNING El nuevo nombre de hueso colisiona con un grupo de vértices ya existente, los grupos de vértices permanecerán sin cambios. (plague_monarch::plague_monarch__Shin2)
00:02.282  reports          | WARNING El nuevo nombre de hueso colisiona con un grupo de vértices ya existente, los grupos de vértices permanecerán sin cambios. (plague_monarch::plague_monarch__Leg3)
00:02.282  reports          | WARNING El nuevo nombre de hueso colisiona con un grupo de vértices ya existente, los grupos de vértices permanecerán sin cambios. (plague_monarch::plague_monarch__Shin3)
00:02.282  reports          | WARNING El nuevo nombre de hueso colisiona con un grupo de vértices ya existente, los grupos de vértices permanecerán sin cambios. (the_void::the_void__Root)
00:02.282  reports          | WARNING El nuevo nombre de hueso colisiona con un grupo de vértices ya existente, los grupos de vértices permanecerán sin cambios. (the_void::the_void__ArcL)
00:02.282  reports          | WARNING El nuevo nombre de hueso colisiona con un grupo de vértices ya existente, los grupos de vértices permanecerán sin cambios. (the_void::the_void__ArcR)
00:02.282  reports          | WARNING El nuevo nombre de hueso colisiona con un grupo de vértices ya existente, los grupos de vértices permanecerán sin cambios. (the_void::the_void__ArcBase)
00:02.282  reports          | WARNING El nuevo nombre de hueso colisiona con un grupo de vértices ya existente, los grupos de vértices permanecerán sin cambios. (the_void::the_void__Shard0)
00:02.282  reports          | WARNING El nuevo nombre de hueso colisiona con un grupo de vértices ya existente, los grupos de vértices permanecerán sin cambios. (the_void::the_void__Shard1)
00:02.282  reports          | WARNING El nuevo nombre de hueso colisiona con un grupo de vértices ya existente, los grupos de vértices permanecerán sin cambios. (the_void::the_void__Shard2)
00:02.282  reports          | WARNING El nuevo nombre de hueso colisiona con un grupo de vértices ya existente, los grupos de vértices permanecerán sin cambios. (the_void::the_void__Shard3)
00:02.282  reports          | WARNING El nuevo nombre de hueso colisiona con un grupo de vértices ya existente, los grupos de vértices permanecerán sin cambios. (the_void::the_void__Shard4)

FBX export starting... 'C:\\RobloxProjects\\StealACurse\\assets\\export\\meshes\\curses\\animations\\animation-quality-centered.fbx'
(bpy.data.armatures['plague_monarch_Rig'], 'POSE')
(bpy.data.armatures['plague_monarch_Rig'], 'POSE')
export finished in 0.0270 sec.
NATIVE_IMPORT_BATCH C:\RobloxProjects\StealACurse\assets\export\meshes\curses\animations\animation-quality-centered.fbx ['plague_monarch', 'the_void']

Blender quit
